tensor-ahb: listening on /data/data/com.termux/files/usr/tmp/a2.sock
tensor-ahb: allocated id=1 logical=77x65 physical=77x73 format=5 stride=80 size=28672
tensor-ahb: reclaimed dead owner pid=15146 id=1
tensor-ahb: allocated id=2 logical=78x65 physical=78x73 format=5 stride=80 size=28672
tensor-ahb: pooled id=2
tensor-ahb: allocated id=3 logical=200x80 physical=200x88 format=5 stride=208 size=81920
tensor-ahb: pooled id=3
tensor-ahb: allocated id=4 logical=201x80 physical=201x88 format=5 stride=208 size=81920
tensor-ahb: pooled id=4
tensor-ahb: allocated id=5 logical=202x80 physical=202x88 format=5 stride=208 size=81920
tensor-ahb: pooled id=5
tensor-ahb: allocated id=6 logical=203x80 physical=203x88 format=5 stride=208 size=81920
tensor-ahb: pooled id=6
tensor-ahb: allocated id=7 logical=204x80 physical=204x88 format=5 stride=208 size=81920
tensor-ahb: pooled id=7
tensor-ahb: allocated id=8 logical=205x80 physical=205x88 format=5 stride=208 size=81920
tensor-ahb: pooled id=8
tensor-ahb: allocated id=9 logical=206x80 physical=206x88 format=5 stride=208 size=81920
tensor-ahb: pooled id=9
tensor-ahb: allocated id=10 logical=207x80 physical=207x88 format=5 stride=208 size=81920
tensor-ahb: pooled id=10
tensor-ahb: allocated id=11 logical=208x80 physical=208x88 format=5 stride=208 size=81920
tensor-ahb: pooled id=11
tensor-ahb: allocated id=12 logical=209x80 physical=209x88 format=5 stride=224 size=90112
tensor-ahb: pooled id=12
tensor-ahb: allocated id=13 logical=210x80 physical=210x88 format=5 stride=224 size=90112
tensor-ahb: pooled id=13
tensor-ahb: allocated id=14 logical=211x80 physical=211x88 format=5 stride=224 size=90112
tensor-ahb: pooled id=14
tensor-ahb: allocated id=15 logical=212x80 physical=212x88 format=5 stride=224 size=90112
tensor-ahb: pooled id=15
tensor-ahb: allocated id=16 logical=213x80 physical=213x88 format=5 stride=224 size=90112
tensor-ahb: pooled id=16
tensor-ahb: allocated id=17 logical=214x80 physical=214x88 format=5 stride=224 size=90112
tensor-ahb: pooled id=17
tensor-ahb: evicted pooled 78x65 format=5 for 215x80
tensor-ahb: allocated id=18 logical=215x80 physical=215x88 format=5 stride=224 size=90112
tensor-ahb: pooled id=18
tensor-ahb: evicted pooled 215x80 format=5 for 216x80
tensor-ahb: allocated id=19 logical=216x80 physical=216x88 format=5 stride=224 size=90112
tensor-ahb: pooled id=19
tensor-ahb: evicted pooled 216x80 format=5 for 64x64
tensor-ahb: allocated id=20 logical=64x64 physical=64x72 format=5 stride=64 size=24576
tensor-ahb: present ready id=20
tensor-ahb: present timeout id=20 after 5000 ms
tensor-ahb: pooled id=20
